{
    "sampled_ids": {
        "content": [
            [
                [
                    "test",
                    [
                        "NC_059681.1_0_1",
                        "NC_059681.1_2_0",
                        "NC_059681.1_overlap_1_0"
                    ]
                ]
            ]
        ],
        "timestamp": "2026-08-04T15:48:32.373018072",
        "meta": {
            "nf-test": "0.9.5",
            "nextflow": "26.04.6"
        }
    }
}