{
    "selected_ids": {
        "content": [
            [
                "read_10239_1",
                "read_10239_10",
                "read_10239_11",
                "read_10239_7",
                "read_10239_9"
            ]
        ],
        "timestamp": "2026-08-04T15:44:46.646892581",
        "meta": {
            "nf-test": "0.9.5",
            "nextflow": "26.04.6"
        }
    }
}