{
    "downstream_output_shortread": {
        "content": [
            "tt1_bracken.tsv.gz:md5,dcfdd1e797ae4d1dbc4e6c32cc669f99",
            "tt1_clade_counts.tsv.gz:md5,c08ec913ad5dab545a701ed4ac851fc9",
            "tt1_duplicate_stats.tsv.gz:md5,dea20f8f6c3f9753f8b225fc0f8c7e52",
            "tt1_kraken.tsv.gz:md5,a932839292f8edc76f74f1cb4ce67189",
            "tt1_qc_adapter_stats_cleaned.tsv.gz:md5,70d8f2e6594f9133273459ec89c025a5",
            "tt1_qc_adapter_stats_raw.tsv.gz:md5,70d8f2e6594f9133273459ec89c025a5",
            "tt1_qc_basic_stats_cleaned.tsv.gz:md5,82fb4e0e5c2b68d9a5472aab4b81fd80",
            "tt1_qc_basic_stats_raw.tsv.gz:md5,9ace69648d2b9928d00535fe378a3d9c",
            "tt1_qc_length_stats_cleaned.tsv.gz:md5,d44f32d31441eaa207d56ee4eca3cd3c",
            "tt1_qc_length_stats_raw.tsv.gz:md5,ece8f14114f01e89e6e9535ad5a19e7a",
            "tt1_qc_quality_base_stats_cleaned.tsv.gz:md5,26580c814203ce521e306e17fc9c1a30",
            "tt1_qc_quality_base_stats_raw.tsv.gz:md5,477dd97f206ca84f5c6aeac6cc23ce95",
            "tt1_qc_quality_sequence_stats_cleaned.tsv.gz:md5,3c72d4b3fde2506db5bd7b373e309b1d",
            "tt1_qc_quality_sequence_stats_raw.tsv.gz:md5,e97cdb22fecd620d22689c0acb9a96a8",
            "tt1_read_counts.tsv.gz:md5,c9ee6bf4ad94ce7fbc24bd4a2d8bee00",
            "tt1_validation_hits.tsv.gz:md5,b87355953f53421c9fdd6e8c3f13b181"
        ],
        "meta": {
            "nf-test": "0.9.3",
            "nextflow": "25.10.4"
        },
        "timestamp": "2026-02-18T14:14:07.608349848"
    },
    "downstream_output_ont": {
        "content": [
            "tt1_bracken.tsv.gz:md5,dcfdd1e797ae4d1dbc4e6c32cc669f99",
            "tt1_kraken.tsv.gz:md5,01ee4db5759045acf987a921ae711903",
            "tt1_qc_adapter_stats_cleaned.tsv.gz:md5,70d8f2e6594f9133273459ec89c025a5",
            "tt1_qc_adapter_stats_raw.tsv.gz:md5,70d8f2e6594f9133273459ec89c025a5",
            "tt1_qc_basic_stats_cleaned.tsv.gz:md5,d098cd0c021941aa0582a579b1dcbab8",
            "tt1_qc_basic_stats_raw.tsv.gz:md5,cc721bc7bc4b73819e5a50b7eb6ee2d8",
            "tt1_qc_length_stats_cleaned.tsv.gz:md5,94bbe7380f6435ce139ee34157aba709",
            "tt1_qc_length_stats_raw.tsv.gz:md5,157ff57397ff4a4d507dab4fb4be48d5",
            "tt1_qc_quality_base_stats_cleaned.tsv.gz:md5,3d99b9dee5f174b326f035e4cc7529f1",
            "tt1_qc_quality_base_stats_raw.tsv.gz:md5,f3b4e77fb054ec073031426a1c349914",
            "tt1_qc_quality_sequence_stats_cleaned.tsv.gz:md5,7eb64b88f3fa5984c2c16ccb58b16183",
            "tt1_qc_quality_sequence_stats_raw.tsv.gz:md5,65972ae057612526b5911d3080d9136a",
            "tt1_read_counts.tsv.gz:md5,25cc87260d146c93c9ee15a319d98c4a",
            "tt1_validation_hits.tsv.gz:md5,a4cc080f0503bb04a51412b598493a01"
        ],
        "meta": {
            "nf-test": "0.9.3",
            "nextflow": "25.10.4"
        },
        "timestamp": "2026-02-19T18:31:35.845525"
    }
}