{
    "downstream_output_shortread": {
        "content": [
            "tt1_bracken.tsv.gz:md5,dcfdd1e797ae4d1dbc4e6c32cc669f99",
            "tt1_clade_counts.tsv.gz:md5,c08ec913ad5dab545a701ed4ac851fc9",
            "tt1_duplicate_reads.tsv.gz:md5,ae1190c0955d0e7a106dbb7bebc707f5",
            "tt1_duplicate_stats.tsv.gz:md5,dea20f8f6c3f9753f8b225fc0f8c7e52",
            "tt1_kraken.tsv.gz:md5,a932839292f8edc76f74f1cb4ce67189",
            "tt1_qc_adapter_stats_cleaned.tsv.gz:md5,70d8f2e6594f9133273459ec89c025a5",
            "tt1_qc_adapter_stats_raw.tsv.gz:md5,70d8f2e6594f9133273459ec89c025a5",
            "tt1_qc_basic_stats_cleaned.tsv.gz:md5,549b8010b0ef3d6741d3feea025c58bd",
            "tt1_qc_basic_stats_raw.tsv.gz:md5,9ace69648d2b9928d00535fe378a3d9c",
            "tt1_qc_length_stats_cleaned.tsv.gz:md5,d44f32d31441eaa207d56ee4eca3cd3c",
            "tt1_qc_length_stats_raw.tsv.gz:md5,ece8f14114f01e89e6e9535ad5a19e7a",
            "tt1_qc_quality_base_stats_cleaned.tsv.gz:md5,451c95a258ddfc7a985ad4ad62fdd96b",
            "tt1_qc_quality_base_stats_raw.tsv.gz:md5,5db23b004144675c239352c06fd667ed",
            "tt1_qc_quality_sequence_stats_cleaned.tsv.gz:md5,3c72d4b3fde2506db5bd7b373e309b1d",
            "tt1_qc_quality_sequence_stats_raw.tsv.gz:md5,e97cdb22fecd620d22689c0acb9a96a8",
            "tt1_read_counts.tsv.gz:md5,c9ee6bf4ad94ce7fbc24bd4a2d8bee00",
            "tt1_validation_hits.tsv.gz:md5,b87355953f53421c9fdd6e8c3f13b181"
        ],
        "meta": {
            "nf-test": "0.9.3",
            "nextflow": "25.10.4"
        },
        "timestamp": "2026-02-18T14:14:07.608349848"
    },
    "downstream_output_ont": {
        "content": [
            "tt1_bracken.tsv.gz:md5,dcfdd1e797ae4d1dbc4e6c32cc669f99",
            "tt1_kraken.tsv.gz:md5,01ee4db5759045acf987a921ae711903",
            "tt1_qc_adapter_stats_cleaned.tsv.gz:md5,70d8f2e6594f9133273459ec89c025a5",
            "tt1_qc_adapter_stats_raw.tsv.gz:md5,70d8f2e6594f9133273459ec89c025a5",
            "tt1_qc_basic_stats_cleaned.tsv.gz:md5,991b3ea911d33f18966b39a0c937d8e0",
            "tt1_qc_basic_stats_raw.tsv.gz:md5,d5c64609c56df2f7c11488421b070c8c",
            "tt1_qc_length_stats_cleaned.tsv.gz:md5,3c5f63e0624d4077fc8ba567c4f77cac",
            "tt1_qc_length_stats_raw.tsv.gz:md5,9662b9983e4adb6e59ecd009265c2a17",
            "tt1_qc_quality_base_stats_cleaned.tsv.gz:md5,70c5d4ea25bf9e79c4b03c91ac0d0e20",
            "tt1_qc_quality_base_stats_raw.tsv.gz:md5,a9c3e2784aff9f3bfd1756328a60b07b",
            "tt1_qc_quality_sequence_stats_cleaned.tsv.gz:md5,7eb64b88f3fa5984c2c16ccb58b16183",
            "tt1_qc_quality_sequence_stats_raw.tsv.gz:md5,65972ae057612526b5911d3080d9136a",
            "tt1_read_counts.tsv.gz:md5,25cc87260d146c93c9ee15a319d98c4a",
            "tt1_validation_hits.tsv.gz:md5,1154bc601c7bf582f9c56469a837ad0f"
        ],
        "meta": {
            "nf-test": "0.9.3",
            "nextflow": "25.10.4"
        },
        "timestamp": "2026-02-18T14:15:29.695774753"
    }
}
