{
    "run_output_shortread": {
        "content": [
            "bracken_reports_merged.tsv.gz:md5,7fbf9af7ae2074266d5f0be4f1b2a184",
            "kraken_reports_merged.tsv.gz:md5,b92e96228ff584c883f74b6f6e855a60",
            "merged_blast_filtered.tsv.gz:md5,93eb652a546605bfeb9b3cd60cdca13d",
            "merged_blast_input_subset.fasta.gz:md5,3d397fbb0790c5535618e265130cb27c",
            "read_counts.tsv.gz:md5,c00f00d8a47a87731a969636e6043b15",
            "subset_qc_adapter_stats.tsv.gz:md5,d15e65d588573c8ccb2687414e37f905",
            "subset_qc_basic_stats.tsv.gz:md5,64bbfc8efab1cc3d50d77cb476630ead",
            "subset_qc_length_stats.tsv.gz:md5,887ed49b570b2fd7d1b88ee1d69ff839",
            "subset_qc_quality_base_stats.tsv.gz:md5,d16f68e7c6517b075dd2e15add3298f0",
            "subset_qc_quality_sequence_stats.tsv.gz:md5,885d534e4ec4a55aeb9073fc9561a872",
            "virus_hits_final.tsv.gz:md5,8ac0f582c952f62f40ced1ced285110b"
        ],
        "meta": {
            "nf-test": "0.9.3",
            "nextflow": "25.10.0"
        },
        "timestamp": "2026-01-07T18:47:34.649288139"
    },
    "run_output_ont": {
        "content": [
            "bracken_reports_merged.tsv.gz:md5,7fbf9af7ae2074266d5f0be4f1b2a184",
            "kraken_reports_merged.tsv.gz:md5,731ad7486d35a4472c7226864f7a50b4",
            "merged_blast_filtered.tsv.gz:md5,9b8a410f473ab3b3bdc213eb5bf23efa",
            "merged_blast_input_subset.fasta.gz:md5,7a67aaa0c94ec72272721d8ca86150bf",
            "read_counts.tsv.gz:md5,7d44efe7dc906747a465ca537cde237f",
            "subset_qc_adapter_stats.tsv.gz:md5,d15e65d588573c8ccb2687414e37f905",
            "subset_qc_basic_stats.tsv.gz:md5,64c55d212eecfaef26ae8a7a9354d9df",
            "subset_qc_length_stats.tsv.gz:md5,eaad4cb5154400ee5a54caf62e17e886",
            "subset_qc_quality_base_stats.tsv.gz:md5,9e058df5618f94d2d82e6a34fc00b0bc",
            "subset_qc_quality_sequence_stats.tsv.gz:md5,fec19ddae461da7804d748df91afb358",
            "virus_hits_final.tsv.gz:md5,f3d70a4df59bbc5004424997a7e446a0"
        ],
        "meta": {
            "nf-test": "0.9.3",
            "nextflow": "25.10.0"
        },
        "timestamp": "2026-01-07T18:48:54.364157872"
    }
}